bhishan@poudel:~$ cd gittest
/home/bhishan/gittest
bhishan@poudel:~/gittest$ ls
abc
bhishan@poudel:~/gittest$ git clone https://github.com/bhishanpdl/gittest.git
Cloning into 'gittest'...
remote: Counting objects: 3, done.
remote: Total 3 (delta 0), reused 0 (delta 0), pack-reused 0
Unpacking objects: 100% (3/3), done.
Checking connectivity... done.
bhishan@poudel:~/gittest$ cleart
No command 'cleart' found, did you mean:
 Command 'clear' from package 'ncurses-bin' (main)
cleart: command not found
bhishan@poudel:~/gittest$ clear
bhishan@poudel:~/gittest$ cd
bhishan@poudel:~$ cd gittest
/home/bhishan/gittest
bhishan@poudel:~/gittest$ git clone https://github.com/bhishanpdl/gittest.git
fatal: destination path 'gittest' already exists and is not an empty directory.
bhishan@poudel:~/gittest$ git test
git: 'test' is not a git command. See 'git --help'.

Did you mean this?
	reset
bhishan@poudel:~/gittest$ ls
gittest
bhishan@poudel:~/gittest$ cd gittest
/home/bhishan/gittest/gittest
bhishan@poudel:~/gittest/gittest$ ls
abc  README.md
bhishan@poudel:~/gittest/gittest$ git status
On branch master
Your branch is up-to-date with 'origin/master'.

Untracked files:
  (use "git add <file>..." to include in what will be committed)

	abc/

nothing added to commit but untracked files present (use "git add" to track)
bhishan@poudel:~/gittest/gittest$ ls -aF abc/
./  ../  try/
bhishan@poudel:~/gittest/gittest$ ls -aF abc/try/
./  ../  a.txt
bhishan@poudel:~/gittest/gittest$ git add abc
bhishan@poudel:~/gittest/gittest$ git status
On branch master
Your branch is up-to-date with 'origin/master'.

Changes to be committed:
  (use "git reset HEAD <file>..." to unstage)

	new file:   abc/try/a.txt

bhishan@poudel:~/gittest/gittest$ git commit -m "added a file"
[master 6cfa3ed] added a file
 1 file changed, 0 insertions(+), 0 deletions(-)
 create mode 100644 abc/try/a.txt
bhishan@poudel:~/gittest/gittest$ git status
On branch master
Your branch is ahead of 'origin/master' by 1 commit.
  (use "git push" to publish your local commits)

nothing to commit, working directory clean
bhishan@poudel:~/gittest/gittest$ git push origin master
Username for 'https://github.com': bhishanpdl
Password for 'https://bhishanpdl@github.com': 
Counting objects: 6, done.
Delta compression using up to 4 threads.
Compressing objects: 100% (2/2), done.
Writing objects: 100% (5/5), 359 bytes | 0 bytes/s, done.
Total 5 (delta 0), reused 0 (delta 0)
To https://github.com/bhishanpdl/gittest.git
   487b332..6cfa3ed  master -> master
bhishan@poudel:~/gittest/gittest$ git status
On branch master
Your branch is up-to-date with 'origin/master'.

nothing to commit, working directory clean
bhishan@poudel:~/gittest/gittest$ 
